1 1
2 2
3 3
2 3
5 5
1 3
3 4 
4 4
1 1
10 1
0 brak
20 brak
11 brak
