More than one START/STOP codon.
More than one START/STOP codon.
More than one START/STOP codon.
More than one START/STOP codon.
More than one START/STOP codon.
AAAAAGAATACAACGACGAGCAGTCAACAACAACCACCACCCCGACGCCGGCGGCGTCTTCTTGACGAGGGAGGAGGCGGGGGTGTAGTC
AAAAACAAGACCAGGAGTATCATTCAGCCTCGACGACGACGTCTCCTCGAAGAAGCAGCAGCTGCTGCTGCTGGAGGTGGTGTCGTTGTT
AAAAAGACAACAACGACTAGAAGTATAATCCAGCCGCCTCGACGCCGGCGTCTACTCGAAGAAGATGATGCAGCCGCTGGCGGCGTGGTG
AAAAACAAGAGAAGCAGGAGTATCATTCACCACCAGCAGCCCCCGCCTCCTCGACGCCGCCTTGAAGAAGAAGACGCCGCTGGGGTGGTT
AAGAATACCACCACCACGAGGATTCAACCCCCCCCCCCGCGACGCCGCCGGCGTCTACTCCTGGAAGATGCAGCAGGAGGCGGCGTAGTT
More than one START/STOP codon.
AAAAACAACAAGACCACGAGAAGCAGGAGTATCATTATTCAACATCCACCACCACCCCCGCCTCGACGTCTGGAAGACGATGATGCTGTT
AACAACAATACAAGAAGGAGTATAATCCAACACCAGCCACCACCTCCTCTCCTTGAAGATGCGGCTGCTGGCGGGGTCGTCGTCGTTGTT
AAGAAGAATACAACTACTACTAGAAGGATAATCATTCACCAGCAGCATCATCATCCACCCCCTCGACGTCTAGACGAGGATGCGGGTGTT
AAAAACAATACCACGACGACTACTAGAAGAAGCATAATCATCATTATTCATCCCCCGCCGCCTCGGCGTGACGCGGCGGGAGTAGTGGTT
More than one START/STOP codon.
AACAATACAAGAAGCAGGATCCAACACCACCATCCTCCTCGCCTACTACTCGACGATGCCGCCGCGGGAGGAGGGGGTGGTGTAGTCGTT
More than one START/STOP codon.
AAAACAACGACTAGCAGCATCATTATTCAACACCACCAGCAGCCGCCTCGACGGCTCCTTGAAGAGGCAGCAGCGGCGGCGGGAGGCGTT
AATACAACAACAAGCATAATCCAACAGCAGCAGCCACCCCCGCCGCGACGGCGGCTACTACTACTCGGCGGCGGGGTAGTAGTGGTTGTT
