RekPier: 1 w (9,0)
RekOst: 1 w (9,0)
IterPier: 1 w (9,0)
IterOst: 1 w (9,0)
---
