RekPier: 10 w (0,0)
RekOst: 10 w (1,0)
IterPier: 10 w (0,0)
IterOst: 10 w (1,0)
---
