RekPier: nie ma 50
RekOst: nie ma 50
IterPier: nie ma 50
IterOst: nie ma 50
---
