RekPier: 1 w (0,9)
RekOst: 1 w (0,9)
IterPier: 1 w (0,9)
IterOst: 1 w (0,9)
---
