RekPier: 5 w (0,4)
RekOst: 5 w (4,0)
IterPier: 5 w (0,4)
IterOst: 5 w (4,0)
---
