RekPier: 5 w (0,0)
RekOst: 5 w (0,0)
IterPier: 5 w (0,0)
IterOst: 5 w (0,0)
---
