RekPier: 7 w (4,0)
RekOst: 7 w (4,5)
IterPier: 7 w (4,0)
IterOst: 7 w (4,5)
---
