RekPier: nie ma 3
RekOst: nie ma 3
IterPier: nie ma 3
IterOst: nie ma 3
---
