RekPier: 4 w (0,5)
RekOst: 4 w (3,4)
IterPier: 4 w (0,5)
IterOst: 4 w (3,4)
---
