RekPier: 1 w (0,2)
RekOst: 1 w (1,0)
IterPier: 1 w (0,2)
IterOst: 1 w (1,0)
---
