RekPier: 11 w (5,5)
RekOst: 11 w (5,6)
IterPier: 11 w (5,5)
IterOst: 11 w (5,6)
---
