RekPier: 8 w (4,6)
RekOst: 8 w (4,6)
IterPier: 8 w (4,6)
IterOst: 8 w (4,6)
---
