REC:  1000000 = 238175 108758 182337 182443 72945 395 57274 144101 13572
ITER: 1000000 = 238175 108758 182337 182443 72945 395 57274 144101 13572
