REC:  100000 = 13491 46203 4540 5281 10077 2016 3846 14546
ITER: 100000 = 13491 46203 4540 5281 10077 2016 3846 14546
