REC:  100 = 80 8 3 6 2 1
ITER: 100 = 80 8 3 6 2 1
