REC:  11 = 6 2 3
ITER: 11 = 6 2 3
REC:  9 = 6 3
ITER: 9 = 6 3
REC:  12 = 3 9
ITER: 12 = 3 9
REC:  26 = 10 5 11
ITER: 26 = 10 5 11
REC:  13 = 13
ITER: 13 = 13
REC:  11 = 2 8 1
ITER: 11 = 2 8 1
REC:  24 = 7 17
ITER: 24 = 7 17
REC:  14 = 5 9
ITER: 14 = 5 9
REC:  9 = 1 8
ITER: 9 = 1 8
REC:  21 = 11 6 1 3
ITER: 21 = 11 6 1 3
REC:  20 = 16 3 1
ITER: 20 = 16 3 1
BRAK
REC:  8 = 8
ITER: 8 = 8
REC:  20 = 5 15
ITER: 20 = 5 15
REC:  26 = 5 16 5
ITER: 26 = 5 16 5
REC:  9 = 9
ITER: 9 = 9
REC:  15 = 8 7
ITER: 15 = 8 7
REC:  20 = 19 1
ITER: 20 = 19 1
REC:  30 = 26 4
ITER: 30 = 26 4
REC:  30 = 10 1 2 10 7
ITER: 30 = 10 1 2 10 7
REC:  11 = 6 3 2
ITER: 11 = 6 3 2
REC:  22 = 11 11
ITER: 22 = 11 11
REC:  10 = 1 4 2 1 1 1
ITER: 10 = 1 4 2 1 1 1
REC:  13 = 1 4 8
ITER: 13 = 1 4 8
BRAK
REC:  8 = 8
ITER: 8 = 8
REC:  18 = 1 17
ITER: 18 = 1 17
REC:  13 = 2 11
ITER: 13 = 2 11
REC:  22 = 16 4 2
ITER: 22 = 16 4 2
REC:  24 = 14 3 1 6
ITER: 24 = 14 3 1 6
