aaa aa aab aa aac a aaa
a
ILoveMyFriends1 ILoveMyFriends4 ILoveMyFriends2 ILoveMyFriends5 ILoveMyFriends3 ILoveMyFriends
ILoveMyFriends
Silent Silent Silent Silent Silent
Silent
