FleetwoodMacGypsy FlorenceSweetNothing FleetwoodMacDreams FlorenceNoLight
Fl
Piosenka11 piosenka21 piosenka12 piosenka22 piosenka13

p1 p9 p2 p10 p3 p11 p4 p12 p5 p13 p6 p14 p7 p15 p8
p
