Num_triangles= 1
Num_triangles= 5
Num_triangles= 2
Num_triangles= 1
Num_triangles= 4