Num_triangles= 4
Num_triangles= 8
Num_triangles= 11
Num_triangles= 4
Num_triangles= 0
