ONP: a b + !
ONP: a b + ! ~
ONP: a b ! +
INF: ! ( a + b )
INF: ~ ! ( a + b )
INF: a + ! b
ONP: a ! b * a b * ~ +
INF: ! a * b + ~ ( a * b )
INF: t = ~ a < ( x < ~ b )
ONP: x a ~ ~ b c * + =
INF: x = a * ( b * c )
INF: a + b + ( ~ a - a )
ONP: a b + a ~ a - +
ONP: x a ~ ~ b c * + =
ONP: t a ~ x < b ~ < =
ONP: a b + c /
INF: a * ( b - c )
INF: error
ONP: x a b c = = =
INF: x = a = b = c
INF: ~ ( a + ~ b )
