INF: a / ( b - c * d ) + b ^ x
INF: a - b * c + ( d / b ) ^ x
INF: a - b * c + d ^ ( b / x )
INF: ~ ( a + ~ b )