INF: x = a * ( b * c )
INF: a + b + ( ~ a - a )
ONP: a b + a ~ a - +
ONP: x a ~ ~ b c * + =
ONP: t a ~ x < b ~ < =
ONP: a b + c /
INF: a * ( b - c )
INF: error
ONP: x a b c = = =
INF: x = a = b = c 
INF: ( a = b ) = c
