INF: x = a * ( b * c )
INF: a + b + ( ~ a - a )
ONP: x a ~ ~ b c * + =
ONP: t a ~ x < b ~ < =
ONP: a b + c /
INF: a * ( b - c )
INF: error
ONP: x a b c d e ^ ^ = = =
ONP: r y + a b c + d + = =
ONP: x c a > c b < & ! =
