Pan - 0 pkt.
Hilary - 0 pkt.
Gdzie - 0 pkt.
Sa - 1 pkt.
Moje - 0 pkt.
Okulary - 2 pkt.
kekw - 0 pkt.
monkas - 0 pkt.
monkaomega - 0 pkt.
pogchamp - 0 pkt.
sadge - 0 pkt.
omegalul - 1 pkt.
AndyMorrin - 0 pkt.
StefanBurnett - 1 pkt.
ZachHill - 1 pkt.
LoremIpsum - 0 pkt.
DolorSitAmet - 3 pkt.
Tytus - 0 pkt.
Romek - 1 pkt.
I - 0 pkt.
Atomek - 0 pkt.
Tartan - 0 pkt.
Zuberek - 4 pkt.
Harnold - 0 pkt.
Perelka - 0 pkt.