Batman - 1 pkt.
Listonosz - 0 pkt.
Klocuch - 3 pkt.
a1 - 0 pkt.
a2 - 0 pkt.
a3 - 1 pkt.
a4 - 0 pkt.
