ZESTAW 1
INORDER: 35 - Andrzej Wolny
INORDER: 30 - Andrzej Inny, 35 - Andrzej Wolny
INORDER: 30 - Andrzej Inny, 35 - Andrzej Wolny, 40 - Iwona Wolny
INORDER: 30 - Andrzej Inny, 35 - Andrzej Wolny, 40 - Iwona Wolny, 45 - Iwona Inny
