ZESTAW 1
NEXT 30: 35 - Andrzej Wolny
NEXT 35: 40 - Iwona Wolny
NEXT 40: 45 - Iwona Inny
NEXT 45: BRAK
