Zestaw 1
PREV 30: BRAK
PREV 35: 30 - Andrzej Inny
PREV 40: 35 - Andrzej Wolny
PREV 45: 40 - Iwona Wolny
