ZESTAW 1
POSTORDER: 43 - Zofia Krzak, 47 - Ola Nowicka, 44 - Marek Mickiewicz, 33 - Anna Kowalska, 51 - Adam Nowak
PREORDER: 51 - Adam Nowak, 33 - Anna Kowalska, 44 - Marek Mickiewicz, 43 - Zofia Krzak, 47 - Ola Nowicka
INORDER: 33 - Anna Kowalska, 43 - Zofia Krzak, 44 - Marek Mickiewicz, 47 - Ola Nowicka, 51 - Adam Nowak
DEQUEMIN: 33 - Anna Kowalska
DEQUEMAX: 51 - Adam Nowak
POSTORDER: 43 - Zofia Krzak, 47 - Ola Nowicka, 44 - Marek Mickiewicz
NEXT 23: BRAK
NEXT 43: 44 - Marek Mickiewicz
PREV 33: BRAK
PREV 47: 44 - Marek Mickiewicz
DELETE 50: BRAK
DELETE 33: BRAK
PREV 29: 20 - Jan Nowak
NEXT 29: 43 - Zofia Krzak
DELETE 33: BRAK
POSTORDER: 43 - Zofia Krzak, 48 - Tomasz Wolny, 44 - Marek Mickiewicz
PREV 38: 35 - Andrzej Wolny
NEXT 38: 43 - Zofia Krzak
PREV 35: BRAK
NEXT 35: 38 - Andrzej Kowalski
INORDER: 35 - Andrzej Wolny, 38 - Andrzej Kowalski, 43 - Zofia Krzak, 44 - Marek Mickiewicz, 48 - Tomasz Wolny
HEIGHT: 1
ZESTAW 2
PREORDER: 8 - a b, 7 - a b, 6 - a b, 5 - a b, 4 - a b, 3 - a b, 2 - a b, 1 - a b, 0 - a b
POSTORDER: 0 - a b, 1 - a b, 2 - a b, 3 - a b, 4 - a b, 5 - a b, 6 - a b, 7 - a b, 8 - a b
INORDER: 0 - a b, 1 - a b, 2 - a b, 3 - a b, 4 - a b, 5 - a b, 6 - a b, 7 - a b, 8 - a b
HEIGHT: 8
ZESTAW 3
POSTORDER: 43 - Zofia Krzak, 47 - Ola Nowicka, 44 - Marek Mickiewicz, 33 - Anna Kowalska, 51 - Adam Nowak
PREORDER: 51 - Adam Nowak, 33 - Anna Kowalska, 44 - Marek Mickiewicz, 43 - Zofia Krzak, 47 - Ola Nowicka
INORDER: 33 - Anna Kowalska, 43 - Zofia Krzak, 44 - Marek Mickiewicz, 47 - Ola Nowicka, 51 - Adam Nowak
DEQUEMIN: 33 - Anna Kowalska
DEQUEMAX: 51 - Adam Nowak
POSTORDER: 43 - Zofia Krzak, 47 - Ola Nowicka, 44 - Marek Mickiewicz
NEXT 23: BRAK
NEXT 43: 44 - Marek Mickiewicz
DELETE 50: BRAK
POSTORDER: 29 - Tomasz Kowalski, 43 - Zofia Krzak, 47 - Ola Nowicka, 44 - Marek Mickiewicz
DELETE 33: BRAK
POSTORDER: 29 - Tomasz Kowalski, 43 - Zofia Krzak, 44 - Marek Mickiewicz
POSTORDER: 20 - Jan Nowak, 29 - Tomasz Kowalski, 43 - Zofia Krzak, 44 - Marek Mickiewicz
PREV 29: 20 - Jan Nowak
NEXT 29: 43 - Zofia Krzak
DELETE 33: BRAK
POSTORDER: 43 - Zofia Krzak, 48 - Tomasz Wolny, 44 - Marek Mickiewicz
PREV 38: 35 - Andrzej Wolny
NEXT 38: 43 - Zofia Krzak
PREV 35: BRAK
NEXT 35: 38 - Andrzej Kowalski
INORDER: 35 - Andrzej Wolny, 38 - Andrzej Kowalski, 43 - Zofia Krzak, 44 - Marek Mickiewicz, 48 - Tomasz Wolny
HEIGHT: 1
INORDER: 22 - UU aa, 48 - Tomasz Wolny, 51 - Adam Nowak
PREV 22: BRAK
PREV 21: BRAK
INORDER: 48 - Tomasz Wolny, 51 - Adam Nowak
POSTORDER: 1 - o k, 50 - f k, 48 - Tomasz Wolny, 99 - x d, 51 - Adam Nowak
PREORDER: 51 - Adam Nowak, 48 - Tomasz Wolny, 1 - o k, 50 - f k, 99 - x d
HEIGHT: 2
ZESTAW 4
POSTORDER: 12 - Ewa Kot, 31 - Malgorzata Kowalczyk, 29 - Daniel Golba, 38 - Grzeorz Rokosz, 35 - Celina Sura, 43 - Bartek Bartek, 47 - Jola Jolajna, 50 - Koko Jambo, 48 - Iwona Iwona, 44 - Anna Kowalska
PREORDER: 44 - Anna Kowalska, 43 - Bartek Bartek, 35 - Celina Sura, 29 - Daniel Golba, 12 - Ewa Kot, 31 - Malgorzata Kowalczyk, 38 - Grzeorz Rokosz, 48 - Iwona Iwona, 47 - Jola Jolajna, 50 - Koko Jambo
INORDER: 12 - Ewa Kot, 29 - Daniel Golba, 31 - Malgorzata Kowalczyk, 35 - Celina Sura, 38 - Grzeorz Rokosz, 43 - Bartek Bartek, 44 - Anna Kowalska, 47 - Jola Jolajna, 48 - Iwona Iwona, 50 - Koko Jambo
DEQUEMAX: 50 - Koko Jambo
DEQUEMIN: 12 - Ewa Kot
INORDER: 29 - Daniel Golba, 31 - Malgorzata Kowalczyk, 35 - Celina Sura, 38 - Grzeorz Rokosz, 43 - Bartek Bartek, 44 - Anna Kowalska, 47 - Jola Jolajna, 48 - Iwona Iwona
NEXT 29: 31 - Malgorzata Kowalczyk
NEXT 47: 48 - Iwona Iwona
PREV 51: BRAK
DELETE 50: BRAK
HEIGHT: 4
PREORDER: 44 - Anna Kowalska, 43 - Bartek Bartek, 38 - Grzeorz Rokosz, 29 - Daniel Golba, 31 - Malgorzata Kowalczyk, 48 - Iwona Iwona, 47 - Jola Jolajna
INORDER: 29 - Daniel Golba, 31 - Malgorzata Kowalczyk, 38 - Grzeorz Rokosz, 43 - Bartek Bartek, 44 - Anna Kowalska, 47 - Jola Jolajna, 48 - Iwona Iwona
NEXT 38: 43 - Bartek Bartek
PREV 10: BRAK
INORDER: 10 - Halina Kiepska, 29 - Daniel Golba, 43 - Bartek Bartek, 44 - Anna Kowalska, 47 - Jola Jolajna, 48 - Iwona Iwona
NEXT 29: 43 - Bartek Bartek
NEXT 39: 43 - Bartek Bartek
DEQUEMAX: 48 - Iwona Iwona
DEQUEMIN: 10 - Halina Kiepska
HEIGHT: 4