r S W S S E S S W S
r E E S E E N N N
r W W S S S S W S
r N N N E E N N
r X
i S W S S E S S W S
i E E S E E N N N
i W W S S S S W S
i N N N E E N N
i X

