i S S W W N N N N N W W S S S S W S W W S S W W S
