r E E S S S W W N
r E E N N N E N E
r X
r W N N E N E
r
r N N N E
i E E S S S W W N
i E E N N N E N E
i X
i W N N E N E
i
i N N N E
