i W N N N N N N N N N W W S S S S S S S S S W W N N N N N N N N N W W S S S S S S S S S W W N N N N N N N N N
