r S S S S S S S S S E E N N N N N N N N N E E S S S S S S S S S E E N N N N N N N N N E E S S S S S S S S S E
i S S S S S S S S S E E N N N N N N N N N E E S S S S S S S S S E E N N N N N N N N N E E S S S S S S S S S E
